// Jest Snapshot v1, https://goo.gl/fbAQLP

exports[`Label Component matches the snapshot 1`] = `
<label
  class="flex items-center gap-2 text-sm leading-none font-medium select-none group-data-[disabled=true]:pointer-events-none group-data-[disabled=true]:opacity-50 peer-disabled:cursor-not-allowed peer-disabled:opacity-50"
  data-slot="label"
  for="snapshot-input"
>
  Snapshot Label
</label>
`;
